---
source: dxr/src/tests.rs
assertion_line: 93
expression: builder

---
ServerBuilder {
    addr: 0.0.0.0:3000,
    path: "/",
    handlers: [],
    off_switch: Some(
        TokioOffSwitch {
            state: RwLock {
                data: false,
                poisoned: false,
                ..
            },
            sleep: 5s,
        },
    ),
}
