---
source: dxr/src/tests.rs
assertion_line: 104
expression: server

---
Server {
    addr: 0.0.0.0:3000,
    handlers: [],
    off_switch: None,
}
