---
source: dxr/src/tests.rs
assertion_line: 83
expression: builder

---
ServerBuilder {
    addr: 0.0.0.0:3000,
    path: "/",
    handlers: [
        "noop",
    ],
    off_switch: None,
}
